2026-09-26 17:15:28 [ERROR] [ParallaxExecution] 
======================================================================
CRITICAL FAILURE IN STAGE: [INITIALIZATION]
Error: UnicodeEncodeError: 'charmap' codec can't encode character '\U0001f680' in position 0: character maps to <undefined>
Resources: RSS=0.0MB, System RAM=50.0%, Disk Free=235.4GB
Traceback:
Traceback (most recent call last):
  File "D:\ML Challange\Parallax\scripts\run_medium_benchmark.py", line 15, in <module>
    main()
  File "D:\ML Challange\Parallax\src\parallax\experiments\runner.py", line 734, in main
    run_benchmark(
  File "D:\ML Challange\Parallax\src\parallax\experiments\runner.py", line 506, in run_benchmark
    print_banner("PARALLAX 200K BENCHMARK & ERROR DIAGNOSTICS SUITE")
  File "D:\ML Challange\Parallax\src\parallax\experiments\runner.py", line 86, in print_banner
    print(f"🚀 {title}")
  File "C:\Users\karti\AppData\Roaming\uv\python\cpython-3.12-windows-x86_64-none\Lib\encodings\cp1252.py", line 19, in encode
    return codecs.charmap_encode(input,self.errors,encoding_table)[0]
           ^^^^^^^^^^^^^^^^^^^^^^^^^^^^^^^^^^^^^^^^^^^^^^^^^^^^^^^
UnicodeEncodeError: 'charmap' codec can't encode character '\U0001f680' in position 0: character maps to <undefined>
======================================================================

